// Jest Snapshot v1, https://goo.gl/fbAQLP

exports[`<Pager/> renders 1`] = `
<DocumentFragment>
  <div
    class="pager"
  >
    <span
      class="prev-btn btn disabled"
    >
      Previous
    </span>
    <span
      class="next-btn btn"
    >
      Next
    </span>
  </div>
</DocumentFragment>
`;
